---
source: src/ui/app.rs
expression: terminal.backend()
---
"┌ Search ──────────────────────────────────────────────────────────────────────────────────────────┐"
"│                                                                                                  │"
"└──────────────────────────────────────────────────────────────────────────────────────────────────┘"
"┌ Results: 0 ──────────────────────────────────────────────────────────────────────────────────────┐"
"│Title                        Language   Year       Uploaded     Downloads    AI         Votes     │"
"│                                                                                                  │"
"│                                                                                                  │"
"│                                                                                                  │"
"│                                                                                                  │"
"│                                                                                                  │"
"│                                                                                                  │"
"│                                                                                                  │"
"│                                                                                                  │"
"│                                                                                                  │"
"│                                                                                                  │"
"└──────────────────────────────────────────────────────────────────────────────────────────────────┘"
"┌ Status ───────────────────────────────────────────────────────────────────┐┌ Downloads remaining ┐"
"│                                                                           ││       6 of 10       │"
"└───────────────────────────────────────────────────────────────────────────┘└─────────────────────┘"
"         F1: Help | F2: Search | F3: Account (user) | F4: Languages | F10: Exit | F12: About        "
